[    0.000000] Linux version 6.11.0-17-generic (buildd@lcy02-amd64-038) (x86_64-linux-gnu-gcc-13 (Ubuntu 13.3.0-6ubuntu2~24.04) 13.3.0, GNU ld (GNU Binutils for Ubuntu) 2.42) #17~24.04.2-Ubuntu SMP PREEMPT_DYNAMIC Mon Jan 20 22:48:29 UTC 2 (Ubuntu 6.11.0-17.17~24.04.2-generic 6.11.11)
[    0.000000] Command line: boot=casper systemd.unit=multi-user.target console=ttyS0,115200 console=tty0 ---
[    0.000000] KERNEL supported cpus:
[    0.000000]   Intel GenuineIntel
[    0.000000]   AMD AuthenticAMD
[    0.000000]   Hygon HygonGenuine
[    0.000000]   Centaur CentaurHauls
[    0.000000]   zhaoxin   Shanghai  
[    0.000000] x86/split lock detection: #DB: warning on user-space bus_locks
[    0.000000] BIOS-provided physical RAM map:
[    0.000000] BIOS-e820: [mem 0x0000000000000000-0x000000000009fbff] usable
[    0.000000] BIOS-e820: [mem 0x000000000009fc00-0x000000000009ffff] reserved
[    0.000000] BIOS-e820: [mem 0x00000000000f0000-0x00000000000fffff] reserved
[    0.000000] BIOS-e820: [mem 0x0000000000100000-0x000000007ffdcfff] usable
[    0.000000] BIOS-e820: [mem 0x000000007ffdd000-0x000000007fffffff] reserved
[    0.000000] BIOS-e820: [mem 0x00000000b0000000-0x00000000bfffffff] reserved
[    0.000000] BIOS-e820: [mem 0x00000000fed1c000-0x00000000fed1ffff] reserved
[    0.000000] BIOS-e820: [mem 0x00000000feffc000-0x00000000feffffff] reserved
[    0.000000] BIOS-e820: [mem 0x00000000fffc0000-0x00000000ffffffff] reserved
[    0.000000] NX (Execute Disable) protection: active
[    0.000000] APIC: Static calls initialized
[    0.000000] SMBIOS 3.0.0 present.
[    0.000000] DMI: QEMU Standard PC (Q35 + ICH9, 2009), BIOS 1.16.3-debian-1.16.3-2 04/01/2014
[    0.000000] DMI: Memory slots populated: 1/1
[    0.000000] Hypervisor detected: KVM
[    0.000000] kvm-clock: Using msrs 4b564d01 and 4b564d00
[    0.000000] kvm-clock: using sched offset of 986593760 cycles
[    0.000001] clocksource: kvm-clock: mask: 0xffffffffffffffff max_cycles: 0x1cd42e4dffb, max_idle_ns: 881590591483 ns
[    0.000003] tsc: Detected 3878.400 MHz processor
[    0.000247] last_pfn = 0x7ffdd max_arch_pfn = 0x400000000
[    0.000266] MTRR map: 4 entries (3 fixed + 1 variable; max 19), built from 8 variable MTRRs
[    0.000268] x86/PAT: Configuration [0-7]: WB  WC  UC- UC  WB  WP  UC- WT  
[    0.002125] found SMP MP-table at [mem 0x000f5470-0x000f547f]
[    0.002132] Using GB pages for direct mapping
[    0.002208] RAMDISK: [mem 0x7b71a000-0x7ffcffff]
[    0.002518] ACPI: Early table checksum verification disabled
[    0.002521] ACPI: RSDP 0x00000000000F52B0 000014 (v00 BOCHS )
[    0.002524] ACPI: RSDT 0x000000007FFE235F 000038 (v01 BOCHS  BXPC     00000001 BXPC 00000001)
[    0.002528] ACPI: FACP 0x000000007FFE214F 0000F4 (v03 BOCHS  BXPC     00000001 BXPC 00000001)
[    0.002530] ACPI: DSDT 0x000000007FFE0040 00210F (v01 BOCHS  BXPC     00000001 BXPC 00000001)
[    0.002532] ACPI: FACS 0x000000007FFE0000 000040
[    0.002533] ACPI: APIC 0x000000007FFE2243 000080 (v03 BOCHS  BXPC     00000001 BXPC 00000001)
[    0.002534] ACPI: HPET 0x000000007FFE22C3 000038 (v01 BOCHS  BXPC     00000001 BXPC 00000001)
[    0.002536] ACPI: MCFG 0x000000007FFE22FB 00003C (v01 BOCHS  BXPC     00000001 BXPC 00000001)
[    0.002537] ACPI: WAET 0x000000007FFE2337 000028 (v01 BOCHS  BXPC     00000001 BXPC 00000001)
[    0.002538] ACPI: Reserving FACP table memory at [mem 0x7ffe214f-0x7ffe2242]
[    0.002538] ACPI: Reserving DSDT table memory at [mem 0x7ffe0040-0x7ffe214e]
[    0.002539] ACPI: Reserving FACS table memory at [mem 0x7ffe0000-0x7ffe003f]
[    0.002539] ACPI: Reserving APIC table memory at [mem 0x7ffe2243-0x7ffe22c2]
[    0.002539] ACPI: Reserving HPET table memory at [mem 0x7ffe22c3-0x7ffe22fa]
[    0.002540] ACPI: Reserving MCFG table memory at [mem 0x7ffe22fb-0x7ffe2336]
[    0.002540] ACPI: Reserving WAET table memory at [mem 0x7ffe2337-0x7ffe235e]
[    0.002689] No NUMA configuration found
[    0.002690] Faking a node at [mem 0x0000000000000000-0x000000007ffdcfff]
[    0.002693] NODE_DATA(0) allocated [mem 0x7b6ef000-0x7b719fff]
[    0.002773] Zone ranges:
[    0.002774]   DMA      [mem 0x0000000000001000-0x0000000000ffffff]
[    0.002775]   DMA32    [mem 0x0000000001000000-0x000000007ffdcfff]
[    0.002776]   Normal   empty
[    0.002776]   Device   empty
[    0.002777] Movable zone start for each node
[    0.002778] Early memory node ranges
[    0.002778]   node   0: [mem 0x0000000000001000-0x000000000009efff]
[    0.002779]   node   0: [mem 0x0000000000100000-0x000000007ffdcfff]
[    0.002780] Initmem setup node 0 [mem 0x0000000000001000-0x000000007ffdcfff]
[    0.002938] On node 0, zone DMA: 1 pages in unavailable ranges
[    0.002946] On node 0, zone DMA: 97 pages in unavailable ranges
[    0.005877] On node 0, zone DMA32: 35 pages in unavailable ranges
[    0.006040] ACPI: PM-Timer IO Port: 0x608
[    0.006047] ACPI: LAPIC_NMI (acpi_id[0xff] dfl dfl lint[0x1])
[    0.006071] IOAPIC[0]: apic_id 0, version 17, address 0xfec00000, GSI 0-23
[    0.006073] ACPI: INT_SRC_OVR (bus 0 bus_irq 0 global_irq 2 dfl dfl)
[    0.006074] ACPI: INT_SRC_OVR (bus 0 bus_irq 5 global_irq 5 high level)
[    0.006075] ACPI: INT_SRC_OVR (bus 0 bus_irq 9 global_irq 9 high level)
[    0.006075] ACPI: INT_SRC_OVR (bus 0 bus_irq 10 global_irq 10 high level)
[    0.006076] ACPI: INT_SRC_OVR (bus 0 bus_irq 11 global_irq 11 high level)
[    0.006078] ACPI: Using ACPI (MADT) for SMP configuration information
[    0.006078] ACPI: HPET id: 0x8086a201 base: 0xfed00000
[    0.006080] TSC deadline timer available
[    0.006082] CPU topo: Max. logical packages:   1
[    0.006083] CPU topo: Max. logical dies:       1
[    0.006083] CPU topo: Max. dies per package:   1
[    0.006084] CPU topo: Max. threads per core:   1
[    0.006085] CPU topo: Num. cores per package:     2
[    0.006085] CPU topo: Num. threads per package:   2
[    0.006086] CPU topo: Allowing 2 present CPUs plus 0 hotplug CPUs
[    0.006097] kvm-guest: APIC: eoi() replaced with kvm_guest_apic_eoi_write()
[    0.006108] kvm-guest: KVM setup pv remote TLB flush
[    0.006110] kvm-guest: setup PV sched yield
[    0.006114] PM: hibernation: Registered nosave memory: [mem 0x00000000-0x00000fff]
[    0.006115] PM: hibernation: Registered nosave memory: [mem 0x0009f000-0x0009ffff]
[    0.006116] PM: hibernation: Registered nosave memory: [mem 0x000a0000-0x000effff]
[    0.006116] PM: hibernation: Registered nosave memory: [mem 0x000f0000-0x000fffff]
[    0.006117] [mem 0xc0000000-0xfed1bfff] available for PCI devices
[    0.006118] Booting paravirtualized kernel on KVM
[    0.006119] clocksource: refined-jiffies: mask: 0xffffffff max_cycles: 0xffffffff, max_idle_ns: 1910969940391419 ns
[    0.006123] setup_percpu: NR_CPUS:8192 nr_cpumask_bits:2 nr_cpu_ids:2 nr_node_ids:1
[    0.006343] percpu: Embedded 88 pages/cpu s237568 r8192 d114688 u1048576
[    0.006366] kvm-guest: PV spinlocks enabled
[    0.006367] PV qspinlock hash table entries: 256 (order: 0, 4096 bytes, linear)
[    0.006369] Kernel command line: boot=casper systemd.unit=multi-user.target console=ttyS0,115200 console=tty0 ---
[    0.006408] Unknown kernel command line parameters "--- boot=casper", will be passed to user space.
[    0.006416] random: crng init done
[    0.006610] Dentry cache hash table entries: 262144 (order: 9, 2097152 bytes, linear)
[    0.006780] Inode-cache hash table entries: 131072 (order: 8, 1048576 bytes, linear)
[    0.006811] Fallback order for Node 0: 0 
[    0.006813] Built 1 zonelists, mobility grouping on.  Total pages: 524155
[    0.006814] Policy zone: DMA32
[    0.006818] mem auto-init: stack:all(zero), heap alloc:on, heap free:off
[    0.009928] SLUB: HWalign=64, Order=0-3, MinObjects=0, CPUs=2, Nodes=1
[    0.009947] ftrace: allocating 59199 entries in 232 pages
[    0.017197] ftrace: allocated 232 pages with 4 groups
[    0.017841] Dynamic Preempt: voluntary
[    0.018028] rcu: Preemptible hierarchical RCU implementation.
[    0.018029] rcu: 	RCU restricting CPUs from NR_CPUS=8192 to nr_cpu_ids=2.
[    0.018029] 	Trampoline variant of Tasks RCU enabled.
[    0.018030] 	Rude variant of Tasks RCU enabled.
[    0.018030] 	Tracing variant of Tasks RCU enabled.
[    0.018031] rcu: RCU calculated value of scheduler-enlistment delay is 100 jiffies.
[    0.018031] rcu: Adjusting geometry for rcu_fanout_leaf=16, nr_cpu_ids=2
[    0.018036] RCU Tasks: Setting shift to 1 and lim to 1 rcu_task_cb_adjust=1 rcu_task_cpu_ids=2.
[    0.018037] RCU Tasks Rude: Setting shift to 1 and lim to 1 rcu_task_cb_adjust=1 rcu_task_cpu_ids=2.
[    0.018038] RCU Tasks Trace: Setting shift to 1 and lim to 1 rcu_task_cb_adjust=1 rcu_task_cpu_ids=2.
[    0.019581] NR_IRQS: 524544, nr_irqs: 440, preallocated irqs: 16
[    0.019756] rcu: srcu_init: Setting srcu_struct sizes based on contention.
[    0.030225] Console: colour VGA+ 80x25
[    0.030228] printk: legacy console [tty0] enabled
[    0.047603] printk: legacy console [ttyS0] enabled
[    0.088576] ACPI: Core revision 20240322
[    0.088927] clocksource: hpet: mask: 0xffffffff max_cycles: 0xffffffff, max_idle_ns: 19112604467 ns
[    0.089544] APIC: Switch to symmetric I/O mode setup
[    0.090157] x2apic enabled
[    0.090490] APIC: Switched APIC routing to: physical x2apic
[    0.091090] kvm-guest: APIC: send_IPI_mask() replaced with kvm_send_ipi_mask()
[    0.091570] kvm-guest: APIC: send_IPI_mask_allbutself() replaced with kvm_send_ipi_mask_allbutself()
[    0.092375] kvm-guest: setup PV IPIs
[    0.093143] ..TIMER: vector=0x30 apic1=0 pin1=2 apic2=-1 pin2=-1
[    0.096338] clocksource: tsc-early: mask: 0xffffffffffffffff max_cycles: 0x6fcf4cc6405, max_idle_ns: 881590767330 ns
[    0.097292] Calibrating delay loop (skipped) preset value.. 7756.80 BogoMIPS (lpj=3878400)
[    0.098364] x86/cpu: User Mode Instruction Prevention (UMIP) activated
[    0.098825] Last level iTLB entries: 4KB 0, 2MB 0, 4MB 0
[    0.099540] Last level dTLB entries: 4KB 0, 2MB 0, 4MB 0, 1GB 0
[    0.099920] Spectre V1 : Mitigation: usercopy/swapgs barriers and __user pointer sanitization
[    0.100291] Spectre V2 : Spectre BHI mitigation: SW BHB clearing on syscall and VM exit
[    0.100801] Spectre V2 : Mitigation: Enhanced / Automatic IBRS
[    0.101289] Spectre V2 : Spectre v2 / SpectreRSB mitigation: Filling RSB on context switch
[    0.101815] Spectre V2 : mitigation: Enabling conditional Indirect Branch Prediction Barrier
[    0.102289] Speculative Store Bypass: Mitigation: Speculative Store Bypass disabled via prctl
[    0.102841] x86/fpu: Supporting XSAVE feature 0x001: 'x87 floating point registers'
[    0.103662] x86/fpu: Supporting XSAVE feature 0x002: 'SSE registers'
[    0.104079] x86/fpu: Supporting XSAVE feature 0x004: 'AVX registers'
[    0.104289] x86/fpu: Supporting XSAVE feature 0x200: 'Protection Keys User registers'
[    0.104808] x86/fpu: xstate_offset[2]:  576, xstate_sizes[2]:  256
[    0.105289] x86/fpu: xstate_offset[9]:  832, xstate_sizes[9]:    8
[    0.105712] x86/fpu: Enabled xstate features 0x207, context size is 840 bytes, using 'compacted' format.
[    0.119628] Freeing SMP alternatives memory: 48K
[    0.119957] pid_max: default: 32768 minimum: 301
[    0.120322] LSM: initializing lsm=lockdown,capability,landlock,yama,apparmor,ima,evm
[    0.120852] landlock: Up and running.
[    0.121111] Yama: becoming mindful.
[    0.121315] AppArmor: AppArmor initialized
[    0.121627] Mount-cache hash table entries: 4096 (order: 3, 32768 bytes, linear)
[    0.122122] Mountpoint-cache hash table entries: 4096 (order: 3, 32768 bytes, linear)
[    0.122845] smpboot: CPU0: Intel(R) Core(TM) Ultra 7 265K (family: 0x6, model: 0xc6, stepping: 0x2)
[    0.123289] Performance Events: unsupported p6 CPU model 198 no PMU driver, software events only.
[    0.123739] signal: max sigframe size: 3632
[    0.124076] rcu: Hierarchical SRCU implementation.
[    0.124290] rcu: 	Max phase no-delay instances is 400.
[    0.124673] Timer migration: 1 hierarchy levels; 8 children per group; 1 crossnode level
[    0.125846] NMI watchdog: Perf NMI watchdog permanently disabled
[    0.126265] smp: Bringing up secondary CPUs ...
[    0.126574] smpboot: x86: Booting SMP configuration:
[    0.126916] .... node  #0, CPUs:      #1
[    0.128311] smp: Brought up 1 node, 2 CPUs
[    0.128904] smpboot: Total of 2 processors activated (15513.60 BogoMIPS)
[    0.129526] Memory: 1924476K/2096620K available (22528K kernel code, 4518K rwdata, 14876K rodata, 5096K init, 4528K bss, 165144K reserved, 0K cma-reserved)
[    0.130693] devtmpfs: initialized
[    0.130693] x86/mm: Memory block size: 128MB
[    0.131447] clocksource: jiffies: mask: 0xffffffff max_cycles: 0xffffffff, max_idle_ns: 1911260446275000 ns
[    0.131983] futex hash table entries: 512 (order: 3, 32768 bytes, linear)
[    0.132669] pinctrl core: initialized pinctrl subsystem
[    0.133101] PM: RTC time: 16:38:08, date: 2025-08-28
[    0.134036] NET: Registered PF_NETLINK/PF_ROUTE protocol family
[    0.134341] DMA: preallocated 256 KiB GFP_KERNEL pool for atomic allocations
[    0.134842] DMA: preallocated 256 KiB GFP_KERNEL|GFP_DMA pool for atomic allocations
[    0.135298] DMA: preallocated 256 KiB GFP_KERNEL|GFP_DMA32 pool for atomic allocations
[    0.135856] audit: initializing netlink subsys (disabled)
[    0.136312] audit: type=2000 audit(1756399088.645:1): state=initialized audit_enabled=0 res=1
[    0.136620] thermal_sys: Registered thermal governor 'fair_share'
[    0.136620] thermal_sys: Registered thermal governor 'bang_bang'
[    0.139300] thermal_sys: Registered thermal governor 'step_wise'
[    0.142295] thermal_sys: Registered thermal governor 'user_space'
[    0.144294] thermal_sys: Registered thermal governor 'power_allocator'
[    0.145176] EISA bus registered
[    0.146294] cpuidle: using governor ladder
[    0.146296] cpuidle: using governor menu
[    0.146633] acpiphp: ACPI Hot Plug PCI Controller Driver version: 0.5
[    0.147328] PCI: ECAM [mem 0xb0000000-0xbfffffff] (base 0xb0000000) for domain 0000 [bus 00-ff]
[    0.147933] PCI: ECAM [mem 0xb0000000-0xbfffffff] reserved as E820 entry
[    0.148296] PCI: Using configuration type 1 for base access
[    0.149306] kprobes: kprobe jump-optimization is enabled. All kprobes are optimized if possible.
[    0.152924] HugeTLB: registered 1.00 GiB page size, pre-allocated 0 pages
[    0.153291] HugeTLB: 16380 KiB vmemmap can be freed for a 1.00 GiB page
[    0.154291] HugeTLB: registered 2.00 MiB page size, pre-allocated 0 pages
[    0.154759] HugeTLB: 28 KiB vmemmap can be freed for a 2.00 MiB page
[    0.155412] ACPI: Added _OSI(Module Device)
[    0.155747] ACPI: Added _OSI(Processor Device)
[    0.156075] ACPI: Added _OSI(3.0 _SCP Extensions)
[    0.156290] ACPI: Added _OSI(Processor Aggregator Device)
[    0.157126] ACPI: 1 ACPI AML tables successfully acquired and loaded
[    0.164365] ACPI: Interpreter enabled
[    0.164685] ACPI: PM: (supports S0 S3 S4 S5)
[    0.164989] ACPI: Using IOAPIC for interrupt routing
[    0.165580] PCI: Using host bridge windows from ACPI; if necessary, use "pci=nocrs" and report a bug
[    0.166176] PCI: Using E820 reservations for host bridge windows
[    0.166617] ACPI: Enabled 2 GPEs in block 00 to 3F
[    0.167688] ACPI: PCI Root Bridge [PCI0] (domain 0000 [bus 00-ff])
[    0.168119] acpi PNP0A08:00: _OSC: OS supports [ExtendedConfig ASPM ClockPM Segments MSI EDR HPX-Type3]
[    0.168755] acpi PNP0A08:00: _OSC: platform does not support [PCIeHotplug LTR DPC]
[    0.169313] acpi PNP0A08:00: _OSC: OS now controls [SHPCHotplug PME AER PCIeCapability]
[    0.169909] PCI host bridge to bus 0000:00
[    0.170232] pci_bus 0000:00: root bus resource [io  0x0000-0x0cf7 window]
[    0.170615] pci_bus 0000:00: root bus resource [io  0x0d00-0xffff window]
[    0.171059] pci_bus 0000:00: root bus resource [mem 0x000a0000-0x000bffff window]
[    0.171290] pci_bus 0000:00: root bus resource [mem 0x80000000-0xafffffff window]
[    0.171794] pci_bus 0000:00: root bus resource [mem 0xc0000000-0xfebfffff window]
[    0.172290] pci_bus 0000:00: root bus resource [mem 0x100000000-0x8ffffffff window]
[    0.172801] pci_bus 0000:00: root bus resource [bus 00-ff]
[    0.173206] pci 0000:00:00.0: [8086:29c0] type 00 class 0x060000 conventional PCI endpoint
[    0.173914] pci 0000:00:01.0: [1af4:1004] type 00 class 0x010000 conventional PCI endpoint
[    0.175759] pci 0000:00:01.0: BAR 0 [io  0xc000-0xc03f]
[    0.176722] pci 0000:00:01.0: BAR 1 [mem 0xfeb90000-0xfeb90fff]
[    0.179134] pci 0000:00:01.0: BAR 4 [mem 0xfe800000-0xfe803fff 64bit pref]
[    0.180540] pci 0000:00:02.0: [1af4:1050] type 00 class 0x030000 conventional PCI endpoint
[    0.182293] pci 0000:00:02.0: BAR 0 [mem 0xfe000000-0xfe7fffff pref]
[    0.184540] pci 0000:00:02.0: BAR 2 [mem 0xfe804000-0xfe807fff 64bit pref]
[    0.185292] pci 0000:00:02.0: BAR 4 [mem 0xfeb91000-0xfeb91fff]
[    0.186495] pci 0000:00:02.0: ROM [mem 0xfeb80000-0xfeb8ffff pref]
[    0.186955] pci 0000:00:02.0: Video device with shadowed ROM at [mem 0x000c0000-0x000dffff]
[    0.187572] pci 0000:00:03.0: [1af4:1000] type 00 class 0x020000 conventional PCI endpoint
[    0.188472] pci 0000:00:03.0: BAR 0 [io  0xc080-0xc09f]
[    0.189194] pci 0000:00:03.0: BAR 1 [mem 0xfeb92000-0xfeb92fff]
[    0.191208] pci 0000:00:03.0: BAR 4 [mem 0xfe808000-0xfe80bfff 64bit pref]
[    0.192252] pci 0000:00:03.0: ROM [mem 0xfeb00000-0xfeb7ffff pref]
[    0.198207] pci 0000:00:1f.0: [8086:2918] type 00 class 0x060100 conventional PCI endpoint
[    0.198918] pci 0000:00:1f.0: quirk: [io  0x0600-0x067f] claimed by ICH6 ACPI/GPIO/TCO
[    0.199391] pci 0000:00:1f.2: [8086:2922] type 00 class 0x010601 conventional PCI endpoint
[    0.201046] pci 0000:00:1f.2: BAR 4 [io  0xc0a0-0xc0bf]
[    0.201483] pci 0000:00:1f.2: BAR 5 [mem 0xfeb93000-0xfeb93fff]
[    0.202249] pci 0000:00:1f.3: [8086:2930] type 00 class 0x0c0500 conventional PCI endpoint
[    0.203679] pci 0000:00:1f.3: BAR 4 [io  0x0700-0x073f]
[    0.204411] ACPI: PCI: Interrupt link LNKA configured for IRQ 10
[    0.204855] ACPI: PCI: Interrupt link LNKB configured for IRQ 10
[    0.205282] ACPI: PCI: Interrupt link LNKC configured for IRQ 11
[    0.206337] ACPI: PCI: Interrupt link LNKD configured for IRQ 11
[    0.206770] ACPI: PCI: Interrupt link LNKE configured for IRQ 10
[    0.207193] ACPI: PCI: Interrupt link LNKF configured for IRQ 10
[    0.207600] ACPI: PCI: Interrupt link LNKG configured for IRQ 11
[    0.208029] ACPI: PCI: Interrupt link LNKH configured for IRQ 11
[    0.208301] ACPI: PCI: Interrupt link GSIA configured for IRQ 16
[    0.208697] ACPI: PCI: Interrupt link GSIB configured for IRQ 17
[    0.209094] ACPI: PCI: Interrupt link GSIC configured for IRQ 18
[    0.209293] ACPI: PCI: Interrupt link GSID configured for IRQ 19
[    0.209709] ACPI: PCI: Interrupt link GSIE configured for IRQ 20
[    0.210100] ACPI: PCI: Interrupt link GSIF configured for IRQ 21
[    0.210617] ACPI: PCI: Interrupt link GSIG configured for IRQ 22
[    0.211016] ACPI: PCI: Interrupt link GSIH configured for IRQ 23
[    0.211475] iommu: Default domain type: Translated
[    0.211880] iommu: DMA domain TLB invalidation policy: lazy mode
[    0.213450] SCSI subsystem initialized
[    0.214078] ACPI: bus type USB registered
[    0.214510] usbcore: registered new interface driver usbfs
[    0.214876] usbcore: registered new interface driver hub
[    0.215237] usbcore: registered new device driver usb
[    0.215548] pps_core: LinuxPPS API ver. 1 registered
[    0.215884] pps_core: Software ver. 5.3.6 - Copyright 2005-2007 Rodolfo Giometti <giometti@linux.it>
[    0.216291] PTP clock support registered
[    0.216576] EDAC MC: Ver: 3.0.0
[    0.216588] NetLabel: Initializing
[    0.217290] NetLabel:  domain hash size = 128
[    0.217592] NetLabel:  protocols = UNLABELED CIPSOv4 CALIPSO
[    0.217981] NetLabel:  unlabeled traffic allowed by default
[    0.218313] mctp: management component transport protocol core
[    0.218684] NET: Registered PF_MCTP protocol family
[    0.219030] PCI: Using ACPI for IRQ routing
[    0.288368] pci 0000:00:02.0: vgaarb: setting as boot VGA device
[    0.288723] pci 0000:00:02.0: vgaarb: bridge control possible
[    0.289108] pci 0000:00:02.0: vgaarb: VGA device added: decodes=io+mem,owns=io+mem,locks=none
[    0.289291] vgaarb: loaded
[    0.289500] hpet0: at MMIO 0xfed00000, IRQs 2, 8, 0
[    0.295297] hpet0: 3 comparators, 64-bit 100.000000 MHz counter
[    0.303291] clocksource: Switched to clocksource kvm-clock
[    0.304296] VFS: Disk quotas dquot_6.6.0
[    0.304296] VFS: Dquot-cache hash table entries: 512 (order 0, 4096 bytes)
[    0.305653] AppArmor: AppArmor Filesystem Enabled
[    0.305995] pnp: PnP ACPI init
[    0.306319] system 00:05: [mem 0xb0000000-0xbfffffff window] has been reserved
[    0.306929] pnp: PnP ACPI: found 6 devices
[    0.312665] clocksource: acpi_pm: mask: 0xffffff max_cycles: 0xffffff, max_idle_ns: 2085701024 ns
[    0.313331] NET: Registered PF_INET protocol family
[    0.316707] IP idents hash table entries: 32768 (order: 6, 262144 bytes, linear)
[    0.323502] tcp_listen_portaddr_hash hash table entries: 1024 (order: 2, 16384 bytes, linear)
[    0.326047] Table-perturb hash table entries: 65536 (order: 6, 262144 bytes, linear)
[    0.326586] TCP established hash table entries: 16384 (order: 5, 131072 bytes, linear)
[    0.327132] TCP bind hash table entries: 16384 (order: 7, 524288 bytes, linear)
[    0.327636] TCP: Hash tables configured (established 16384 bind 16384)
[    0.328094] MPTCP token hash table entries: 2048 (order: 3, 49152 bytes, linear)
[    0.328593] UDP hash table entries: 1024 (order: 3, 32768 bytes, linear)
[    0.329030] UDP-Lite hash table entries: 1024 (order: 3, 32768 bytes, linear)
[    0.329505] NET: Registered PF_UNIX/PF_LOCAL protocol family
[    0.329885] NET: Registered PF_XDP protocol family
[    0.330214] pci_bus 0000:00: resource 4 [io  0x0000-0x0cf7 window]
[    0.330619] pci_bus 0000:00: resource 5 [io  0x0d00-0xffff window]
[    0.331027] pci_bus 0000:00: resource 6 [mem 0x000a0000-0x000bffff window]
[    0.331483] pci_bus 0000:00: resource 7 [mem 0x80000000-0xafffffff window]
[    0.331947] pci_bus 0000:00: resource 8 [mem 0xc0000000-0xfebfffff window]
[    0.332401] pci_bus 0000:00: resource 9 [mem 0x100000000-0x8ffffffff window]
[    0.332916] PCI: CLS 0 bytes, default 64
[    0.333236] clocksource: tsc: mask: 0xffffffffffffffff max_cycles: 0x6fcf4cc6405, max_idle_ns: 881590767330 ns
[    0.333375] Trying to unpack rootfs image as initramfs...
[    0.335728] Initialise system trusted keyrings
[    0.336063] Key type blacklist registered
[    0.336368] workingset: timestamp_bits=36 max_order=19 bucket_order=0
[    0.336803] zbud: loaded
[    0.337090] squashfs: version 4.0 (2009/01/31) Phillip Lougher
[    0.337515] fuse: init (API version 7.40)
[    0.337856] integrity: Platform Keyring initialized
[    0.338187] integrity: Machine keyring initialized
[    0.341944] Key type asymmetric registered
[    0.342242] Asymmetric key parser 'x509' registered
[    0.342601] Block layer SCSI generic (bsg) driver version 0.4 loaded (major 243)
[    0.343135] io scheduler mq-deadline registered
[    0.343527] shpchp: Standard Hot Plug PCI Controller Driver version: 0.4
[    0.344048] input: Power Button as /devices/LNXSYSTM:00/LNXPWRBN:00/input/input0
[    0.344589] ACPI: button: Power Button [PWRF]
[    0.345155] ACPI: \_SB_.GSIF: Enabled at IRQ 21
[    0.346336] ACPI: \_SB_.GSIG: Enabled at IRQ 22
[    0.354025] ACPI: \_SB_.GSIH: Enabled at IRQ 23
[    0.356821] Serial: 8250/16550 driver, 32 ports, IRQ sharing enabled
[    0.378941] 00:03: ttyS0 at I/O 0x3f8 (irq = 4, base_baud = 115200) is a 16550A
[    0.380362] Linux agpgart interface v0.103
[    0.381310] loop: module loaded
[    0.381710] virtio_scsi virtio0: 2/0/0 default/read/poll queues
[    0.382515] scsi host0: Virtio SCSI HBA
[    0.383380] ACPI: bus type drm_connector registered
[    0.383880] scsi 0:0:0:0: CD-ROM            QEMU     QEMU CD-ROM      2.5+ PQ: 0 ANSI: 5
[    0.384560] tun: Universal TUN/TAP device driver, 1.6
[    0.385522] PPP generic driver version 2.4.2
[    0.388114] i8042: PNP: PS/2 Controller [PNP0303:KBD,PNP0f13:MOU] at 0x60,0x64 irq 1,12
[    0.389195] serio: i8042 KBD port at 0x60,0x64 irq 1
[    0.389565] serio: i8042 AUX port at 0x60,0x64 irq 12
[    0.390022] mousedev: PS/2 mouse device common for all mice
[    0.390516] rtc_cmos 00:04: RTC can wake from S4
[    0.391251] input: AT Translated Set 2 keyboard as /devices/platform/i8042/serio0/input/input1
[    0.392054] rtc_cmos 00:04: registered as rtc0
[    0.392433] rtc_cmos 00:04: setting system clock to 2025-08-28T16:38:08 UTC (1756399088)
[    0.393067] rtc_cmos 00:04: alarms up to one day, y3k, 242 bytes nvram, hpet irqs
[    0.393624] i2c_dev: i2c /dev entries driver
[    0.393964] device-mapper: core: CONFIG_IMA_DISABLE_HTABLE is disabled. Duplicate IMA measurements will not be recorded in the IMA log.
[    0.394834] device-mapper: uevent: version 1.0.3
[    0.395225] device-mapper: ioctl: 4.48.0-ioctl (2023-03-01) initialised: dm-devel@lists.linux.dev
[    0.395889] platform eisa.0: Probing EISA bus 0
[    0.396236] platform eisa.0: EISA: Cannot allocate resource for mainboard
[    0.396739] platform eisa.0: Cannot allocate resource for EISA slot 1
[    0.397346] platform eisa.0: Cannot allocate resource for EISA slot 2
[    0.397817] platform eisa.0: Cannot allocate resource for EISA slot 3
[    0.398282] platform eisa.0: Cannot allocate resource for EISA slot 4
[    0.398757] platform eisa.0: Cannot allocate resource for EISA slot 5
[    0.399223] platform eisa.0: Cannot allocate resource for EISA slot 6
[    0.399693] platform eisa.0: Cannot allocate resource for EISA slot 7
[    0.400159] platform eisa.0: Cannot allocate resource for EISA slot 8
[    0.400624] platform eisa.0: EISA: Detected 0 cards
[    0.400977] intel_pstate: CPU model not supported
[    0.402711] Freeing initrd memory: 74456K
[    0.403062] ledtrig-cpu: registered to indicate activity on CPUs
[    0.403712] drop_monitor: Initializing network drop monitor service
[    0.404373] NET: Registered PF_INET6 protocol family
[    0.405827] sr 0:0:0:0: Power-on or device reset occurred
[    0.406294] sr 0:0:0:0: [sr0] scsi3-mmc drive: 16x/50x cd/rw xa/form2 cdda tray
[    0.406858] cdrom: Uniform CD-ROM driver Revision: 3.20
[    0.410166] Segment Routing with IPv6
[    0.410474] In-situ OAM (IOAM) with IPv6
[    0.410791] NET: Registered PF_PACKET protocol family
[    0.411186] Key type dns_resolver registered
[    0.448234] sr 0:0:0:0: Attached scsi generic sg0 type 5
[    0.453243] IPI shorthand broadcast: enabled
[    0.455163] sched_clock: Marking stable (381002666, 73529067)->(484743393, -30211660)
[    0.456212] registered taskstats version 1
[    0.456593] Loading compiled-in X.509 certificates
[    0.457187] Loaded X.509 cert 'Build time autogenerated kernel key: 8acf1c891a1c9efa47906c59cdee9ffb66cde54f'
[    0.458074] Loaded X.509 cert 'Canonical Ltd. Live Patch Signing: 14df34d1a87cf37625abec039ef2bf521249b969'
[    0.458892] Loaded X.509 cert 'Canonical Ltd. Kernel Module Signing: 88f752e560a1e0737e31163a466ad7b70a850c19'
[    0.459557] blacklist: Loading compiled-in revocation X.509 certificates
[    0.460007] Loaded X.509 cert 'Canonical Ltd. Secure Boot Signing: 61482aa2830d0ab2ad5af10b7250da9033ddcef0'
[    0.460658] Loaded X.509 cert 'Canonical Ltd. Secure Boot Signing (2017): 242ade75ac4a15e50d50c84b0d45ff3eae707a03'
[    0.461337] Loaded X.509 cert 'Canonical Ltd. Secure Boot Signing (ESM 2018): 365188c1d374d6b07c3c8f240f8ef722433d6a8b'
[    0.462048] Loaded X.509 cert 'Canonical Ltd. Secure Boot Signing (2019): c0746fd6c5da3ae827864651ad66ae47fe24b3e8'
[    0.462781] Loaded X.509 cert 'Canonical Ltd. Secure Boot Signing (2021 v1): a8d54bbb3825cfb94fa13c9f8a594a195c107b8d'
[    0.463493] Loaded X.509 cert 'Canonical Ltd. Secure Boot Signing (2021 v2): 4cf046892d6fd3c9a5b03f98d845f90851dc6a8c'
[    0.464196] Loaded X.509 cert 'Canonical Ltd. Secure Boot Signing (2021 v3): 100437bb6de6e469b581e61cd66bce3ef4ed53af'
[    0.464937] Loaded X.509 cert 'Canonical Ltd. Secure Boot Signing (Ubuntu Core 2019): c1d57b8f6b743f23ee41f4f7ee292f06eecadfb9'
[    0.467241] Demotion targets for Node 0: null
[    0.467633] Key type .fscrypt registered
[    0.467926] Key type fscrypt-provisioning registered
[    0.470715] cryptd: max_cpu_qlen set to 1000
[    0.472197] AES CTR mode by8 optimization enabled
[    0.477637] Key type encrypted registered
[    0.477948] AppArmor: AppArmor sha256 policy hashing enabled
[    0.478351] ima: No TPM chip found, activating TPM-bypass!
[    0.478742] Loading compiled-in module X.509 certificates
[    0.479293] Loaded X.509 cert 'Build time autogenerated kernel key: 8acf1c891a1c9efa47906c59cdee9ffb66cde54f'
[    0.479969] ima: Allocated hash algorithm: sha256
[    0.480301] ima: No architecture policies found
[    0.480650] evm: Initialising EVM extended attributes:
[    0.481017] evm: security.selinux
[    0.481271] evm: security.SMACK64
[    0.481532] evm: security.SMACK64EXEC
[    0.484954] evm: security.SMACK64TRANSMUTE
[    0.485258] evm: security.SMACK64MMAP
[    0.485527] evm: security.apparmor
[    0.485792] evm: security.ima
[    0.486021] evm: security.capability
[    0.486281] evm: HMAC attrs: 0x1
[    0.486726] PM:   Magic number: 5:396:642
[    0.489077] RAS: Correctable Errors collector initialized.
[    0.495174] clk: Disabling unused clocks
[    0.495494] PM: genpd: Disabling unused power domains
[    0.499931] Freeing unused decrypted memory: 2028K
[    0.500820] Freeing unused kernel image (initmem) memory: 5096K
[    0.501249] Write protecting the kernel read-only data: 38912k
[    0.501951] Freeing unused kernel image (rodata/data gap) memory: 1508K
[    0.506189] x86/mm: Checked W+X mappings: passed, no W+X pages found.
[    0.506627] Run /init as init process
[    0.554646] ACPI: \_SB_.GSIA: Enabled at IRQ 16
[    0.555288] ahci 0000:00:1f.2: AHCI vers 0001.0000, 32 command slots, 1.5 Gbps, SATA mode
[    0.555849] ahci 0000:00:1f.2: 6/6 ports implemented (port mask 0x3f)
[    0.556278] ahci 0000:00:1f.2: flags: 64bit ncq only 
[    0.557031] scsi host1: ahci
[    0.557318] scsi host2: ahci
[    0.557584] scsi host3: ahci
[    0.557831] scsi host4: ahci
[    0.558265] [drm] pci: virtio-vga detected at 0000:00:02.0
[    0.558661] virtio-pci 0000:00:02.0: vgaarb: deactivate vga console
[    0.561802] Console: switching to colour dummy device 80x25
[    0.562140] [drm] features: -virgl +edid -resource_blob -host_visible
[    0.562141] [drm] features: -context_init
[    0.562744] virtio_net virtio2 enp0s3: renamed from eth0
[    0.564165] input: VirtualPS/2 VMware VMMouse as /devices/platform/i8042/serio1/input/input4
[    0.564207] [drm] number of scanouts: 1
[    0.564785] input: VirtualPS/2 VMware VMMouse as /devices/platform/i8042/serio1/input/input3
[    0.564844] [drm] number of cap sets: 0
[    0.566174] scsi host5: ahci
[    0.567191] scsi host6: ahci
[    0.568189] [drm] Initialized virtio_gpu 0.1.0 for 0000:00:02.0 on minor 0
[    0.568367] ata1: SATA max UDMA/133 abar m4096@0xfeb93000 port 0xfeb93100 irq 32 lpm-pol 0
[    0.569075] ata2: SATA max UDMA/133 abar m4096@0xfeb93000 port 0xfeb93180 irq 32 lpm-pol 0
[    0.569486] ata3: SATA max UDMA/133 abar m4096@0xfeb93000 port 0xfeb93200 irq 32 lpm-pol 0
[    0.569894] ata4: SATA max UDMA/133 abar m4096@0xfeb93000 port 0xfeb93280 irq 32 lpm-pol 0
[    0.570303] ata5: SATA max UDMA/133 abar m4096@0xfeb93000 port 0xfeb93300 irq 32 lpm-pol 0
[    0.570739] ata6: SATA max UDMA/133 abar m4096@0xfeb93000 port 0xfeb93380 irq 32 lpm-pol 0
[    0.571507] fbcon: virtio_gpudrmfb (fb0) is primary device
[    0.674947] Console: switching to colour frame buffer device 160x50
[    0.679000] virtio-pci 0000:00:02.0: [drm] fb0: virtio_gpudrmfb frame buffer device
[    0.885185] ata5: SATA link down (SStatus 0 SControl 300)
[    0.887352] ata3: SATA link down (SStatus 0 SControl 300)
[    0.888526] ata4: SATA link down (SStatus 0 SControl 300)
[    0.890208] ata1: SATA link down (SStatus 0 SControl 300)
[    0.890753] ata6: SATA link down (SStatus 0 SControl 300)
[    0.891384] ata2: SATA link down (SStatus 0 SControl 300)
[    0.945531] raid6: avx2x4   gen() 86025 MB/s
[    0.962531] raid6: avx2x2   gen() 91929 MB/s
[    0.979531] raid6: avx2x1   gen() 79579 MB/s
[    0.980095] raid6: using algorithm avx2x2 gen() 91929 MB/s
[    0.996531] raid6: .... xor() 65914 MB/s, rmw enabled
[    0.996786] raid6: using avx2x2 recovery algorithm
[    0.998524] xor: automatically using best checksumming function   avx       
[    1.004220] async_tx: api initialized (async)
[    1.044343] loop0: detected capacity change from 0 to 3463936
[    1.057330] loop1: detected capacity change from 0 to 1070688
[    1.068353] loop2: detected capacity change from 0 to 1850280
[    1.072756] overlayfs: null uuid detected in lower fs '/', falling back to xino=off,index=off,nfs_export=off.
[    1.137224] evm: overlay not supported
[    3.573698] systemd[1]: Inserted module 'autofs4'
[    3.612960] systemd[1]: systemd 255.4-1ubuntu8.5 running in system mode (+PAM +AUDIT +SELINUX +APPARMOR +IMA +SMACK +SECCOMP +GCRYPT -GNUTLS +OPENSSL +ACL +BLKID +CURL +ELFUTILS +FIDO2 +IDN2 -IDN +IPTC +KMOD +LIBCRYPTSETUP +LIBFDISK +PCRE2 -PWQUALITY +P11KIT +QRENCODE +TPM2 +BZIP2 +LZ4 +XZ +ZLIB +ZSTD -BPF_FRAMEWORK -XKBCOMMON +UTMP +SYSVINIT default-hierarchy=unified)
[    3.614958] systemd[1]: Detected virtualization kvm.
[    3.620152] systemd[1]: Detected architecture x86-64.
[    3.652819] workqueue: drm_fb_helper_damage_work hogged CPU for >10000us 4 times, consider switching to WQ_UNBOUND
[    3.654071] systemd[1]: Hostname set to <ubuntu>.
[    3.661175] systemd[1]: Initializing machine ID from random generator.
[    3.911926] systemd[1]: Queued start job for default target multi-user.target.
[    3.929550] systemd[1]: Created slice system-modprobe.slice - Slice /system/modprobe.
[    3.930284] systemd[1]: Created slice system-serial\x2dgetty.slice - Slice /system/serial-getty.
[    3.930898] systemd[1]: Created slice user.slice - User and Session Slice.
[    3.931388] systemd[1]: Started systemd-ask-password-wall.path - Forward Password Requests to Wall Directory Watch.
[    3.932189] systemd[1]: Set up automount proc-sys-fs-binfmt_misc.automount - Arbitrary Executable File Formats File System Automount Point.
[    3.965625] systemd[1]: Expecting device dev-ttyS0.device - /dev/ttyS0...
[    3.975382] systemd[1]: Reached target integritysetup.target - Local Integrity Protected Volumes.
[    3.978035] systemd[1]: Reached target remote-fs.target - Remote File Systems.
[    3.981341] systemd[1]: Reached target slices.target - Slice Units.
[    3.983860] systemd[1]: Reached target swap.target - Swaps.
[    4.002760] workqueue: drm_fb_helper_damage_work hogged CPU for >10000us 5 times, consider switching to WQ_UNBOUND
[    4.008636] systemd[1]: Reached target veritysetup.target - Local Verity Protected Volumes.
[    4.017281] systemd[1]: Listening on dm-event.socket - Device-mapper event daemon FIFOs.
[    4.019137] systemd[1]: Listening on lvm2-lvmpolld.socket - LVM2 poll daemon socket.
[    4.021709] systemd[1]: Listening on syslog.socket - Syslog Socket.
[    4.023689] systemd[1]: Listening on systemd-initctl.socket - initctl Compatibility Named Pipe.
[    4.056788] systemd[1]: Listening on systemd-journald-dev-log.socket - Journal Socket (/dev/log).
[    4.065654] systemd[1]: Listening on systemd-journald.socket - Journal Socket.
[    4.067380] systemd[1]: Listening on systemd-oomd.socket - Userspace Out-Of-Memory (OOM) Killer Socket.
[    4.070730] systemd[1]: systemd-pcrextend.socket - TPM2 PCR Extension (Varlink) was skipped because of an unmet condition check (ConditionSecurity=measured-uki).
[    4.092999] workqueue: drm_fb_helper_damage_work hogged CPU for >10000us 7 times, consider switching to WQ_UNBOUND
[    4.105684] systemd[1]: Listening on systemd-udevd-control.socket - udev Control Socket.
[    4.119397] systemd[1]: Listening on systemd-udevd-kernel.socket - udev Kernel Socket.
[    4.132596] systemd[1]: Mounting dev-hugepages.mount - Huge Pages File System...
[    4.135594] systemd[1]: Mounting dev-mqueue.mount - POSIX Message Queue File System...
[    4.169619] systemd[1]: Mounting sys-kernel-debug.mount - Kernel Debug File System...
[    4.173588] systemd[1]: Mounting sys-kernel-tracing.mount - Kernel Trace File System...
[    4.176027] systemd[1]: Starting systemd-journald.service - Journal Service...
[    4.179735] systemd[1]: Finished blk-availability.service - Availability of block devices.
[    4.213589] systemd[1]: Starting keyboard-setup.service - Set the console keyboard layout...
[    4.216176] systemd[1]: Starting kmod-static-nodes.service - Create List of Static Device Nodes...
[    4.217144] systemd-journald[791]: Collecting audit messages is disabled.
[    4.256721] workqueue: drm_fb_helper_damage_work hogged CPU for >10000us 11 times, consider switching to WQ_UNBOUND
[    4.258745] systemd[1]: Starting lvm2-monitor.service - Monitoring of LVM2 mirrors, snapshots etc. using dmeventd or progress polling...
[    4.265734] systemd[1]: Starting modprobe@configfs.service - Load Kernel Module configfs...
[    4.268390] systemd[1]: Starting modprobe@dm_mod.service - Load Kernel Module dm_mod...
[    4.274354] systemd[1]: Starting modprobe@drm.service - Load Kernel Module drm...
[    4.286119] systemd[1]: Starting modprobe@efi_pstore.service - Load Kernel Module efi_pstore...
[    4.294331] systemd[1]: Starting modprobe@fuse.service - Load Kernel Module fuse...
[    4.297046] systemd[1]: Starting modprobe@loop.service - Load Kernel Module loop...
[    4.309443] systemd[1]: Starting systemd-modules-load.service - Load Kernel Modules...
[    4.310238] systemd[1]: systemd-pcrmachine.service - TPM2 PCR Machine ID Measurement was skipped because of an unmet condition check (ConditionSecurity=measured-uki).
[    4.311638] systemd[1]: Starting systemd-remount-fs.service - Remount Root and Kernel File Systems...
[    4.313750] systemd[1]: systemd-tpm2-setup-early.service - TPM2 SRK Setup (Early) was skipped because of an unmet condition check (ConditionSecurity=measured-uki).
[    4.351674] systemd[1]: Starting systemd-udev-trigger.service - Coldplug All udev Devices...
[    4.354931] systemd[1]: Started systemd-journald.service - Journal Service.
[    4.508383] lp: driver loaded but no devices found
[    4.556779] ppdev: user-space parallel port driver
[    4.558453] parport_pc 00:02: reported by Plug and Play ACPI
[    4.560252] parport0: PC-style at 0x378, irq 7 [PCSPP,TRISTATE]
[    4.719902] lp0: using parport0 (interrupt-driven).
[    4.752441] systemd-journald[791]: Received client request to flush runtime journal.
error: snap "subiquity" is not installed
error: snap "subiquity" is not installed
error: snap "subiquity" is not installed
error: snap "subiquity" is not installed
error: snap "subiquity" is not installed
error: snap "subiquity" is not installed
error: snap "subiquity" is not installed
error: snap "subiquity" is not installed
error: snap "subiquity" is not installed
error: snap "subiquity" is not installed
error: snap "subiquity" is not installed
error: snap "subiquity" is not installed
error: snap "subiquity" is not installed
error: snap "subiquity" is not installed
error: snap "subiquity" is not installed
error: snap "subiquity" is not installed
error: snap "subiquity" is not installed
error: snap "subiquity" is not installed
error: snap "subiquity" is not installed
error: snap "subiquity" is not installed
error: snap "subiquity" is not installed
error: snap "subiquity" is not installed
error: snap "subiquity" is not installed
error: snap "subiquity" is not installed
error: snap "subiquity" is not installed
error: snap "subiquity" is not installed
error: snap "subiquity" is not installed
error: snap "subiquity" is not installed
error: snap "subiquity" is not installed
error: snap "subiquity" is not installed
error: snap "subiquity" is not installed
error: snap "subiquity" is not installed
error: snap "subiquity" is not installed
error: snap "subiquity" is not installed
error: snap "subiquity" is not installed
error: snap "subiquity" is not installed
error: snap "subiquity" is not installed
error: snap "subiquity" is not installed
error: snap "subiquity" is not installed
error: snap "subiquity" is not installed
error: snap "subiquity" is not installed
error: snap "subiquity" is not installed
error: snap "subiquity" is not installed
error: snap "subiquity" is not installed
error: snap "subiquity" is not installed
error: snap "subiquity" is not installed
error: snap "subiquity" is not installed
error: snap "subiquity" is not installed
error: snap "subiquity" is not installed
error: snap "subiquity" is not installed
error: snap "subiquity" is not installed
error: snap "subiquity" is not installed
error: snap "subiquity" is not installed
error: snap "subiquity" is not installed
error: snap "subiquity" is not installed
error: snap "subiquity" is not installed
error: snap "subiquity" is not installed
error: snap "subiquity" is not installed
error: snap "subiquity" is not installed
error: snap "subiquity" is not installed
error: snap "subiquity" is not installed
error: snap "subiquity" is not installed
error: snap "subiquity" is not installed
error: snap "subiquity" is not installed
error: snap "subiquity" is not installed
error: snap "subiquity" is not installed
error: snap "subiquity" is not installed
error: snap "subiquity" is not installed
error: snap "subiquity" is not installed
error: snap "subiquity" is not installed
error: snap "subiquity" is not installed
error: snap "subiquity" is not installed
error: snap "subiquity" is not installed
error: snap "subiquity" is not installed
error: snap "subiquity" is not installed
error: snap "subiquity" is not installed
error: snap "subiquity" is not installed
error: snap "subiquity" is not installed
error: snap "subiquity" is not installed
error: snap "subiquity" is not installed
error: snap "subiquity" is not installed
error: snap "subiquity" is not installed
error: snap "subiquity" is not installed
error: snap "subiquity" is not installed
error: snap "subiquity" is not installed
error: snap "subiquity" is not installed
error: snap "subiquity" is not installed
error: snap "subiquity" is not installed
error: snap "subiquity" is not installed
error: snap "subiquity" is not installed
error: snap "subiquity" is not installed
error: snap "subiquity" is not installed
error: snap "subiquity" is not installed
error: snap "subiquity" is not installed
error: snap "subiquity" is not installed
error: snap "subiquity" is not installed
error: snap "subiquity" is not installed
error: snap "subiquity" is not installed
error: snap "subiquity" is not installed
error: snap "subiquity" is not installed
error: snap "subiquity" is not installed
error: snap "subiquity" is not installed
error: snap "subiquity" is not installed
error: snap "subiquity" is not installed
error: snap "subiquity" is not installed
error: snap "subiquity" is not installed
error: snap "subiquity" is not installed
error: snap "subiquity" is not installed
error: snap "subiquity" is not installed
error: snap "subiquity" is not installed
error: snap "subiquity" is not installed
error: snap "subiquity" is not installed
error: snap "subiquity" is not installed
error: snap "subiquity" is not installed
error: snap "subiquity" is not installed
error: snap "subiquity" is not installed
error: snap "subiquity" is not installed
error: snap "subiquity" is not installed
error: snap "subiquity" is not installed
error: snap "subiquity" is not installed
error: snap "subiquity" is not installed
error: snap "subiquity" is not installed
error: snap "subiquity" is not installed
error: snap "subiquity" is not installed
error: snap "subiquity" is not installed
error: snap "subiquity" is not installed
error: snap "subiquity" is not installed
error: snap "subiquity" is not installed
error: snap "subiquity" is not installed
error: snap "subiquity" is not installed
error: snap "subiquity" is not installed
error: snap "subiquity" is not installed
error: snap "subiquity" is not installed
error: snap "subiquity" is not installed
error: snap "subiquity" is not installed
error: snap "subiquity" is not installed
error: snap "subiquity" is not installed
error: snap "subiquity" is not installed
error: snap "subiquity" is not installed
error: snap "subiquity" is not installed
error: snap "subiquity" is not installed
error: snap "subiquity" is not installed
error: snap "subiquity" is not installed
error: snap "subiquity" is not installed
error: snap "subiquity" is not installed
error: snap "subiquity" is not installed
error: snap "subiquity" is not installed
error: snap "subiquity" is not installed
error: snap "subiquity" is not installed
error: snap "subiquity" is not installed
error: snap "subiquity" is not installed
error: snap "subiquity" is not installed
error: snap "subiquity" is not installed
error: snap "subiquity" is not installed
error: snap "subiquity" is not installed
error: snap "subiquity" is not installed
error: snap "subiquity" is not installed
error: snap "subiquity" is not installed
error: snap "subiquity" is not installed
error: snap "subiquity" is not installed
error: snap "subiquity" is not installed
error: snap "subiquity" is not installed
error: snap "subiquity" is not installed
error: snap "subiquity" is not installed
error: snap "subiquity" is not installed
error: snap "subiquity" is not installed
error: snap "subiquity" is not installed
error: snap "subiquity" is not installed
error: snap "subiquity" is not installed
error: snap "subiquity" is not installed
error: snap "subiquity" is not installed
error: snap "subiquity" is not installed
error: snap "subiquity" is not installed
error: snap "subiquity" is not installed
error: snap "subiquity" is not installed
error: snap "subiquity" is not installed
error: snap "subiquity" is not installed
error: snap "subiquity" is not installed
error: snap "subiquity" is not installed
error: snap "subiquity" is not installed
error: snap "subiquity" is not installed
error: snap "subiquity" is not installed
error: snap "subiquity" is not installed
error: snap "subiquity" is not installed
error: snap "subiquity" is not installed
error: snap "subiquity" is not installed
error: snap "subiquity" is not installed
error: snap "subiquity" is not installed
error: snap "subiquity" is not installed
error: snap "subiquity" is not installed
error: snap "subiquity" is not installed
error: snap "subiquity" is not installed
error: snap "subiquity" is not installed
error: snap "subiquity" is not installed
error: snap "subiquity" is not installed
error: snap "subiquity" is not installed
error: snap "subiquity" is not installed
error: snap "subiquity" is not installed
error: snap "subiquity" is not installed
error: snap "subiquity" is not installed
error: snap "subiquity" is not installed
error: snap "subiquity" is not installed
error: snap "subiquity" is not installed
error: snap "subiquity" is not installed
error: snap "subiquity" is not installed
error: snap "subiquity" is not installed
error: snap "subiquity" is not installed
error: snap "subiquity" is not installed
error: snap "subiquity" is not installed
error: snap "subiquity" is not installed
error: snap "subiquity" is not installed
error: snap "subiquity" is not installed
error: snap "subiquity" is not installed
error: snap "subiquity" is not installed
error: snap "subiquity" is not installed
error: snap "subiquity" is not installed
error: snap "subiquity" is not installed
error: snap "subiquity" is not installed
error: snap "subiquity" is not installed
error: snap "subiquity" is not installed
error: snap "subiquity" is not installed
error: snap "subiquity" is not installed
error: snap "subiquity" is not installed
error: snap "subiquity" is not installed
error: snap "subiquity" is not installed
error: snap "subiquity" is not installed
error: snap "subiquity" is not installed
error: snap "subiquity" is not installed
error: snap "subiquity" is not installed
error: snap "subiquity" is not installed
error: snap "subiquity" is not installed
error: snap "subiquity" is not installed
error: snap "subiquity" is not installed
error: snap "subiquity" is not installed
error: snap "subiquity" is not installed
error: snap "subiquity" is not installed
error: snap "subiquity" is not installed
error: snap "subiquity" is not installed
error: snap "subiquity" is not installed
error: snap "subiquity" is not installed
error: snap "subiquity" is not installed
error: snap "subiquity" is not installed
error: snap "subiquity" is not installed
error: snap "subiquity" is not installed
error: snap "subiquity" is not installed
error: snap "subiquity" is not installed
error: snap "subiquity" is not installed
error: snap "subiquity" is not installed
error: snap "subiquity" is not installed
error: snap "subiquity" is not installed
error: snap "subiquity" is not installed
error: snap "subiquity" is not installed
error: snap "subiquity" is not installed
error: snap "subiquity" is not installed
error: snap "subiquity" is not installed
error: snap "subiquity" is not installed
error: snap "subiquity" is not installed
error: snap "subiquity" is not installed
error: snap "subiquity" is not installed
error: snap "subiquity" is not installed
error: snap "subiquity" is not installed
error: snap "subiquity" is not installed
error: snap "subiquity" is not installed
error: snap "subiquity" is not installed
error: snap "subiquity" is not installed
error: snap "subiquity" is not installed
error: snap "subiquity" is not installed
error: snap "subiquity" is not installed
error: snap "subiquity" is not installed
error: snap "subiquity" is not installed
error: snap "subiquity" is not installed
error: snap "subiquity" is not installed
error: snap "subiquity" is not installed
error: snap "subiquity" is not installed
error: snap "subiquity" is not installed
error: snap "subiquity" is not installed
error: snap "subiquity" is not installed
error: snap "subiquity" is not installed
error: snap "subiquity" is not installed
error: snap "subiquity" is not installed
error: snap "subiquity" is not installed
error: snap "subiquity" is not installed
error: snap "subiquity" is not installed
error: snap "subiquity" is not installed
error: snap "subiquity" is not installed
error: snap "subiquity" is not installed
error: snap "subiquity" is not installed
error: snap "subiquity" is not installed
error: snap "subiquity" is not installed
error: snap "subiquity" is not installed
error: snap "subiquity" is not installed
error: snap "subiquity" is not installed
error: snap "subiquity" is not installed
error: snap "subiquity" is not installed
error: snap "subiquity" is not installed
error: snap "subiquity" is not installed
error: snap "subiquity" is not installed
error: snap "subiquity" is not installed
error: snap "subiquity" is not installed
error: snap "subiquity" is not installed
error: snap "subiquity" is not installed
error: snap "subiquity" is not installed
error: snap "subiquity" is not installed
error: snap "subiquity" is not installed
error: snap "subiquity" is not installed
error: snap "subiquity" is not installed
error: snap "subiquity" is not installed
error: snap "subiquity" is not installed
error: snap "subiquity" is not installed
error: snap "subiquity" is not installed
error: snap "subiquity" is not installed
error: snap "subiquity" is not installed
error: snap "subiquity" is not installed
error: snap "subiquity" is not installed
error: snap "subiquity" is not installed
error: snap "subiquity" is not installed
error: snap "subiquity" is not installed
error: snap "subiquity" is not installed
error: snap "subiquity" is not installed
error: snap "subiquity" is not installed
error: snap "subiquity" is not installed
error: snap "subiquity" is not installed
error: snap "subiquity" is not installed
error: snap "subiquity" is not installed
error: snap "subiquity" is not installed
error: snap "subiquity" is not installed
error: snap "subiquity" is not installed
error: snap "subiquity" is not installed
error: snap "subiquity" is not installed
error: snap "subiquity" is not installed
error: snap "subiquity" is not installed
error: snap "subiquity" is not installed
error: snap "subiquity" is not installed
error: snap "subiquity" is not installed
error: snap "subiquity" is not installed
error: snap "subiquity" is not installed
error: snap "subiquity" is not installed
error: snap "subiquity" is not installed
error: snap "subiquity" is not installed
error: snap "subiquity" is not installed
error: snap "subiquity" is not installed
error: snap "subiquity" is not installed
error: snap "subiquity" is not installed
error: snap "subiquity" is not installed
error: snap "subiquity" is not installed
error: snap "subiquity" is not installed
error: snap "subiquity" is not installed
error: snap "subiquity" is not installed
error: snap "subiquity" is not installed
error: snap "subiquity" is not installed
error: snap "subiquity" is not installed
error: snap "subiquity" is not installed
error: snap "subiquity" is not installed
error: snap "subiquity" is not installed
error: snap "subiquity" is not installed
error: snap "subiquity" is not installed
error: snap "subiquity" is not installed
error: snap "subiquity" is not installed
error: snap "subiquity" is not installed
error: snap "subiquity" is not installed
error: snap "subiquity" is not installed
error: snap "subiquity" is not installed
error: snap "subiquity" is not installed
error: snap "subiquity" is not installed
error: snap "subiquity" is not installed
error: snap "subiquity" is not installed
error: snap "subiquity" is not installed
error: snap "subiquity" is not installed
error: snap "subiquity" is not installed
error: snap "subiquity" is not installed
error: snap "subiquity" is not installed
error: snap "subiquity" is not installed
error: snap "subiquity" is not installed
error: snap "subiquity" is not installed
error: snap "subiquity" is not installed
error: snap "subiquity" is not installed
error: snap "subiquity" is not installed
error: snap "subiquity" is not installed
error: snap "subiquity" is not installed
error: snap "subiquity" is not installed
error: snap "subiquity" is not installed
error: snap "subiquity" is not installed
error: snap "subiquity" is not installed
error: snap "subiquity" is not installed
error: snap "subiquity" is not installed
error: snap "subiquity" is not installed
error: snap "subiquity" is not installed
error: snap "subiquity" is not installed
error: snap "subiquity" is not installed
error: snap "subiquity" is not installed
error: snap "subiquity" is not installed
error: snap "subiquity" is not installed
error: snap "subiquity" is not installed
error: snap "subiquity" is not installed
error: snap "subiquity" is not installed
error: snap "subiquity" is not installed
error: snap "subiquity" is not installed
error: snap "subiquity" is not installed
error: snap "subiquity" is not installed
error: snap "subiquity" is not installed
error: snap "subiquity" is not installed
error: snap "subiquity" is not installed
error: snap "subiquity" is not installed
error: snap "subiquity" is not installed
error: snap "subiquity" is not installed
error: snap "subiquity" is not installed
error: snap "subiquity" is not installed
error: snap "subiquity" is not installed
error: snap "subiquity" is not installed
error: snap "subiquity" is not installed
error: snap "subiquity" is not installed
error: snap "subiquity" is not installed
error: snap "subiquity" is not installed
error: snap "subiquity" is not installed
error: snap "subiquity" is not installed
error: snap "subiquity" is not installed
error: snap "subiquity" is not installed
error: snap "subiquity" is not installed
error: snap "subiquity" is not installed
error: snap "subiquity" is not installed
error: snap "subiquity" is not installed
error: snap "subiquity" is not installed
error: snap "subiquity" is not installed
error: snap "subiquity" is not installed
error: snap "subiquity" is not installed
error: snap "subiquity" is not installed
error: snap "subiquity" is not installed
error: snap "subiquity" is not installed
error: snap "subiquity" is not installed
error: snap "subiquity" is not installed
error: snap "subiquity" is not installed
error: snap "subiquity" is not installed
error: snap "subiquity" is not installed
error: snap "subiquity" is not installed
error: snap "subiquity" is not installed
error: snap "subiquity" is not installed
error: snap "subiquity" is not installed
error: snap "subiquity" is not installed
error: snap "subiquity" is not installed
error: snap "subiquity" is not installed
error: snap "subiquity" is not installed
error: snap "subiquity" is not installed
error: snap "subiquity" is not installed
error: snap "subiquity" is not installed
error: snap "subiquity" is not installed
error: snap "subiquity" is not installed
error: snap "subiquity" is not installed
error: snap "subiquity" is not installed
error: snap "subiquity" is not installed
error: snap "subiquity" is not installed
error: snap "subiquity" is not installed
error: snap "subiquity" is not installed
error: snap "subiquity" is not installed
error: snap "subiquity" is not installed
error: snap "subiquity" is not installed
error: snap "subiquity" is not installed
error: snap "subiquity" is not installed
error: snap "subiquity" is not installed
error: snap "subiquity" is not installed
error: snap "subiquity" is not installed
error: snap "subiquity" is not installed
error: snap "subiquity" is not installed
error: snap "subiquity" is not installed
error: snap "subiquity" is not installed
error: snap "subiquity" is not installed
error: snap "subiquity" is not installed
error: snap "subiquity" is not installed
error: snap "subiquity" is not installed
error: snap "subiquity" is not installed
error: snap "subiquity" is not installed
error: snap "subiquity" is not installed
error: snap "subiquity" is not installed
error: snap "subiquity" is not installed
error: snap "subiquity" is not installed
error: snap "subiquity" is not installed
error: snap "subiquity" is not installed
error: snap "subiquity" is not installed
error: snap "subiquity" is not installed
error: snap "subiquity" is not installed
error: snap "subiquity" is not installed
error: snap "subiquity" is not installed
error: snap "subiquity" is not installed
error: snap "subiquity" is not installed
error: snap "subiquity" is not installed
error: snap "subiquity" is not installed
error: snap "subiquity" is not installed
error: snap "subiquity" is not installed
error: snap "subiquity" is not installed
error: snap "subiquity" is not installed
error: snap "subiquity" is not installed
error: snap "subiquity" is not installed
error: snap "subiquity" is not installed
error: snap "subiquity" is not installed
error: snap "subiquity" is not installed
error: snap "subiquity" is not installed
error: snap "subiquity" is not installed
error: snap "subiquity" is not installed
error: snap "subiquity" is not installed
error: snap "subiquity" is not installed
error: snap "subiquity" is not installed
error: snap "subiquity" is not installed
error: snap "subiquity" is not installed
error: snap "subiquity" is not installed
error: snap "subiquity" is not installed
error: snap "subiquity" is not installed
error: snap "subiquity" is not installed
error: snap "subiquity" is not installed
error: snap "subiquity" is not installed
error: snap "subiquity" is not installed
error: snap "subiquity" is not installed
error: snap "subiquity" is not installed
error: snap "subiquity" is not installed
error: snap "subiquity" is not installed
error: snap "subiquity" is not installed
error: snap "subiquity" is not installed
error: snap "subiquity" is not installed
error: snap "subiquity" is not installed
error: snap "subiquity" is not installed
error: snap "subiquity" is not installed
error: snap "subiquity" is not installed
error: snap "subiquity" is not installed
error: snap "subiquity" is not installed
error: snap "subiquity" is not installed
error: snap "subiquity" is not installed
error: snap "subiquity" is not installed
error: snap "subiquity" is not installed
error: snap "subiquity" is not installed
error: snap "subiquity" is not installed
error: snap "subiquity" is not installed
error: snap "subiquity" is not installed
error: snap "subiquity" is not installed
error: snap "subiquity" is not installed
error: snap "subiquity" is not installed
error: snap "subiquity" is not installed
error: snap "subiquity" is not installed
error: snap "subiquity" is not installed
error: snap "subiquity" is not installed
error: snap "subiquity" is not installed
error: snap "subiquity" is not installed
error: snap "subiquity" is not installed
error: snap "subiquity" is not installed
error: snap "subiquity" is not installed
error: snap "subiquity" is not installed
error: snap "subiquity" is not installed
error: snap "subiquity" is not installed
error: snap "subiquity" is not installed
error: snap "subiquity" is not installed
error: snap "subiquity" is not installed
error: snap "subiquity" is not installed
error: snap "subiquity" is not installed
error: snap "subiquity" is not installed
error: snap "subiquity" is not installed
error: snap "subiquity" is not installed
error: snap "subiquity" is not installed
error: snap "subiquity" is not installed
error: snap "subiquity" is not installed
error: snap "subiquity" is not installed
error: snap "subiquity" is not installed
error: snap "subiquity" is not installed
error: snap "subiquity" is not installed
error: snap "subiquity" is not installed
error: snap "subiquity" is not installed
error: snap "subiquity" is not installed
error: snap "subiquity" is not installed
error: snap "subiquity" is not installed
error: snap "subiquity" is not installed
error: snap "subiquity" is not installed
error: snap "subiquity" is not installed
error: snap "subiquity" is not installed
error: snap "subiquity" is not installed
error: snap "subiquity" is not installed
error: snap "subiquity" is not installed
error: snap "subiquity" is not installed
error: snap "subiquity" is not installed
error: snap "subiquity" is not installed
error: snap "subiquity" is not installed
error: snap "subiquity" is not installed
error: snap "subiquity" is not installed
error: snap "subiquity" is not installed
error: snap "subiquity" is not installed
error: snap "subiquity" is not installed
error: snap "subiquity" is not installed
error: snap "subiquity" is not installed
error: snap "subiquity" is not installed
error: snap "subiquity" is not installed
error: snap "subiquity" is not installed
error: snap "subiquity" is not installed
error: snap "subiquity" is not installed
error: snap "subiquity" is not installed
error: snap "subiquity" is not installed
error: snap "subiquity" is not installed
error: snap "subiquity" is not installed
error: snap "subiquity" is not installed
error: snap "subiquity" is not installed
error: snap "subiquity" is not installed
error: snap "subiquity" is not installed
error: snap "subiquity" is not installed
error: snap "subiquity" is not installed
error: snap "subiquity" is not installed
error: snap "subiquity" is not installed
error: snap "subiquity" is not installed
error: snap "subiquity" is not installed
error: snap "subiquity" is not installed
error: snap "subiquity" is not installed
error: snap "subiquity" is not installed
error: snap "subiquity" is not installed
error: snap "subiquity" is not installed
error: snap "subiquity" is not installed
error: snap "subiquity" is not installed
error: snap "subiquity" is not installed
error: snap "subiquity" is not installed
error: snap "subiquity" is not installed
error: snap "subiquity" is not installed
error: snap "subiquity" is not installed
error: snap "subiquity" is not installed
error: snap "subiquity" is not installed
error: snap "subiquity" is not installed
error: snap "subiquity" is not installed
error: snap "subiquity" is not installed
error: snap "subiquity" is not installed
error: snap "subiquity" is not installed
error: snap "subiquity" is not installed
error: snap "subiquity" is not installed
error: snap "subiquity" is not installed
error: snap "subiquity" is not installed
error: snap "subiquity" is not installed
error: snap "subiquity" is not installed
error: snap "subiquity" is not installed
error: snap "subiquity" is not installed
error: snap "subiquity" is not installed
error: snap "subiquity" is not installed
error: snap "subiquity" is not installed
error: snap "subiquity" is not installed
error: snap "subiquity" is not installed
error: snap "subiquity" is not installed
error: snap "subiquity" is not installed
error: snap "subiquity" is not installed
error: snap "subiquity" is not installed
error: snap "subiquity" is not installed
error: snap "subiquity" is not installed
error: snap "subiquity" is not installed
error: snap "subiquity" is not installed
error: snap "subiquity" is not installed
error: snap "subiquity" is not installed
error: snap "subiquity" is not installed
error: snap "subiquity" is not installed
error: snap "subiquity" is not installed
error: snap "subiquity" is not installed
error: snap "subiquity" is not installed
error: snap "subiquity" is not installed
error: snap "subiquity" is not installed
error: snap "subiquity" is not installed
error: snap "subiquity" is not installed
error: snap "subiquity" is not installed
error: snap "subiquity" is not installed
error: snap "subiquity" is not installed
error: snap "subiquity" is not installed
error: snap "subiquity" is not installed
error: snap "subiquity" is not installed
error: snap "subiquity" is not installed
error: snap "subiquity" is not installed
error: snap "subiquity" is not installed
error: snap "subiquity" is not installed
error: snap "subiquity" is not installed
error: snap "subiquity" is not installed
error: snap "subiquity" is not installed
error: snap "subiquity" is not installed
error: snap "subiquity" is not installed
error: snap "subiquity" is not installed
error: snap "subiquity" is not installed
error: snap "subiquity" is not installed
error: snap "subiquity" is not installed
error: snap "subiquity" is not installed
error: snap "subiquity" is not installed
error: snap "subiquity" is not installed
error: snap "subiquity" is not installed
error: snap "subiquity" is not installed
error: snap "subiquity" is not installed
error: snap "subiquity" is not installed
error: snap "subiquity" is not installed
error: snap "subiquity" is not installed
error: snap "subiquity" is not installed
error: snap "subiquity" is not installed
error: snap "subiquity" is not installed
error: snap "subiquity" is not installed
error: snap "subiquity" is not installed
error: snap "subiquity" is not installed
error: snap "subiquity" is not installed
error: snap "subiquity" is not installed
error: snap "subiquity" is not installed
error: snap "subiquity" is not installed
error: snap "subiquity" is not installed
error: snap "subiquity" is not installed
error: snap "subiquity" is not installed
error: snap "subiquity" is not installed
error: snap "subiquity" is not installed
error: snap "subiquity" is not installed
error: snap "subiquity" is not installed
error: snap "subiquity" is not installed
error: snap "subiquity" is not installed
error: snap "subiquity" is not installed
error: snap "subiquity" is not installed
error: snap "subiquity" is not installed
error: snap "subiquity" is not installed
error: snap "subiquity" is not installed
error: snap "subiquity" is not installed
error: snap "subiquity" is not installed
error: snap "subiquity" is not installed
error: snap "subiquity" is not installed
error: snap "subiquity" is not installed
error: snap "subiquity" is not installed
error: snap "subiquity" is not installed
error: snap "subiquity" is not installed
error: snap "subiquity" is not installed
error: snap "subiquity" is not installed
error: snap "subiquity" is not installed
error: snap "subiquity" is not installed
error: snap "subiquity" is not installed
error: snap "subiquity" is not installed
error: snap "subiquity" is not installed
error: snap "subiquity" is not installed
error: snap "subiquity" is not installed
error: snap "subiquity" is not installed
error: snap "subiquity" is not installed
error: snap "subiquity" is not installed
error: snap "subiquity" is not installed
error: snap "subiquity" is not installed
error: snap "subiquity" is not installed
error: snap "subiquity" is not installed
error: snap "subiquity" is not installed
error: snap "subiquity" is not installed
error: snap "subiquity" is not installed
error: snap "subiquity" is not installed
error: snap "subiquity" is not installed
error: snap "subiquity" is not installed
error: snap "subiquity" is not installed
error: snap "subiquity" is not installed
error: snap "subiquity" is not installed
error: snap "subiquity" is not installed
error: snap "subiquity" is not installed
error: snap "subiquity" is not installed
error: snap "subiquity" is not installed
error: snap "subiquity" is not installed
error: snap "subiquity" is not installed
error: snap "subiquity" is not installed
error: snap "subiquity" is not installed
error: snap "subiquity" is not installed
error: snap "subiquity" is not installed
error: snap "subiquity" is not installed
error: snap "subiquity" is not installed
error: snap "subiquity" is not installed
error: snap "subiquity" is not installed
error: snap "subiquity" is not installed
error: snap "subiquity" is not installed
error: snap "subiquity" is not installed
error: snap "subiquity" is not installed
error: snap "subiquity" is not installed
error: snap "subiquity" is not installed
error: snap "subiquity" is not installed
error: snap "subiquity" is not installed
error: snap "subiquity" is not installed
error: snap "subiquity" is not installed
error: snap "subiquity" is not installed
error: snap "subiquity" is not installed
error: snap "subiquity" is not installed
error: snap "subiquity" is not installed
error: snap "subiquity" is not installed
error: snap "subiquity" is not installed
error: snap "subiquity" is not installed
error: snap "subiquity" is not installed
error: snap "subiquity" is not installed
error: snap "subiquity" is not installed
error: snap "subiquity" is not installed
error: snap "subiquity" is not installed
error: snap "subiquity" is not installed
error: snap "subiquity" is not installed
error: snap "subiquity" is not installed
error: snap "subiquity" is not installed
error: snap "subiquity" is not installed
error: snap "subiquity" is not installed
error: snap "subiquity" is not installed
error: snap "subiquity" is not installed
error: snap "subiquity" is not installed
error: snap "subiquity" is not installed
error: snap "subiquity" is not installed
error: snap "subiquity" is not installed
error: snap "subiquity" is not installed
error: snap "subiquity" is not installed
error: snap "subiquity" is not installed
error: snap "subiquity" is not installed
error: snap "subiquity" is not installed
error: snap "subiquity" is not installed
error: snap "subiquity" is not installed
error: snap "subiquity" is not installed
error: snap "subiquity" is not installed
error: snap "subiquity" is not installed
error: snap "subiquity" is not installed
error: snap "subiquity" is not installed
error: snap "subiquity" is not installed
error: snap "subiquity" is not installed
error: snap "subiquity" is not installed
error: snap "subiquity" is not installed
error: snap "subiquity" is not installed
error: snap "subiquity" is not installed
error: snap "subiquity" is not installed
error: snap "subiquity" is not installed
error: snap "subiquity" is not installed
error: snap "subiquity" is not installed
error: snap "subiquity" is not installed
error: snap "subiquity" is not installed
error: snap "subiquity" is not installed
error: snap "subiquity" is not installed
error: snap "subiquity" is not installed
error: snap "subiquity" is not installed
error: snap "subiquity" is not installed
error: snap "subiquity" is not installed
error: snap "subiquity" is not installed
error: snap "subiquity" is not installed
error: snap "subiquity" is not installed
error: snap "subiquity" is not installed
error: snap "subiquity" is not installed
error: snap "subiquity" is not installed
error: snap "subiquity" is not installed
error: snap "subiquity" is not installed
error: snap "subiquity" is not installed
error: snap "subiquity" is not installed
error: snap "subiquity" is not installed
error: snap "subiquity" is not installed
error: snap "subiquity" is not installed
error: snap "subiquity" is not installed
error: snap "subiquity" is not installed
error: snap "subiquity" is not installed
error: snap "subiquity" is not installed
error: snap "subiquity" is not installed
error: snap "subiquity" is not installed
error: snap "subiquity" is not installed
error: snap "subiquity" is not installed
error: snap "subiquity" is not installed
error: snap "subiquity" is not installed
error: snap "subiquity" is not installed
error: snap "subiquity" is not installed
error: snap "subiquity" is not installed
error: snap "subiquity" is not installed
error: snap "subiquity" is not installed
error: snap "subiquity" is not installed
error: snap "subiquity" is not installed
error: snap "subiquity" is not installed
error: snap "subiquity" is not installed
error: snap "subiquity" is not installed
error: snap "subiquity" is not installed
error: snap "subiquity" is not installed
error: snap "subiquity" is not installed
error: snap "subiquity" is not installed
error: snap "subiquity" is not installed
error: snap "subiquity" is not installed
error: snap "subiquity" is not installed
error: snap "subiquity" is not installed
error: snap "subiquity" is not installed
error: snap "subiquity" is not installed
error: snap "subiquity" is not installed
error: snap "subiquity" is not installed
error: snap "subiquity" is not installed
error: snap "subiquity" is not installed
error: snap "subiquity" is not installed
error: snap "subiquity" is not installed
error: snap "subiquity" is not installed
error: snap "subiquity" is not installed
error: snap "subiquity" is not installed
error: snap "subiquity" is not installed
error: snap "subiquity" is not installed
error: snap "subiquity" is not installed
error: snap "subiquity" is not installed
error: snap "subiquity" is not installed
error: snap "subiquity" is not installed
error: snap "subiquity" is not installed
error: snap "subiquity" is not installed
error: snap "subiquity" is not installed
error: snap "subiquity" is not installed
error: snap "subiquity" is not installed
error: snap "subiquity" is not installed
error: snap "subiquity" is not installed
error: snap "subiquity" is not installed
error: snap "subiquity" is not installed
error: snap "subiquity" is not installed
error: snap "subiquity" is not installed
error: snap "subiquity" is not installed
error: snap "subiquity" is not installed
error: snap "subiquity" is not installed
error: snap "subiquity" is not installed
error: snap "subiquity" is not installed
error: snap "subiquity" is not installed
error: snap "subiquity" is not installed
error: snap "subiquity" is not installed
error: snap "subiquity" is not installed
error: snap "subiquity" is not installed
error: snap "subiquity" is not installed
error: snap "subiquity" is not installed
error: snap "subiquity" is not installed
error: snap "subiquity" is not installed
error: snap "subiquity" is not installed
error: snap "subiquity" is not installed
error: snap "subiquity" is not installed
error: snap "subiquity" is not installed
error: snap "subiquity" is not installed
error: snap "subiquity" is not installed
error: snap "subiquity" is not installed
error: snap "subiquity" is not installed
error: snap "subiquity" is not installed
error: snap "subiquity" is not installed
error: snap "subiquity" is not installed
error: snap "subiquity" is not installed
error: snap "subiquity" is not installed
error: snap "subiquity" is not installed
error: snap "subiquity" is not installed
error: snap "subiquity" is not installed
error: snap "subiquity" is not installed
error: snap "subiquity" is not installed
error: snap "subiquity" is not installed
error: snap "subiquity" is not installed
error: snap "subiquity" is not installed
error: snap "subiquity" is not installed
error: snap "subiquity" is not installed
error: snap "subiquity" is not installed
error: snap "subiquity" is not installed
error: snap "subiquity" is not installed
error: snap "subiquity" is not installed
error: snap "subiquity" is not installed
error: snap "subiquity" is not installed
error: snap "subiquity" is not installed
error: snap "subiquity" is not installed
error: snap "subiquity" is not installed
error: snap "subiquity" is not installed
error: snap "subiquity" is not installed
error: snap "subiquity" is not installed
error: snap "subiquity" is not installed
error: snap "subiquity" is not installed
error: snap "subiquity" is not installed
error: snap "subiquity" is not installed
error: snap "subiquity" is not installed
error: snap "subiquity" is not installed
error: snap "subiquity" is not installed
error: snap "subiquity" is not installed
error: snap "subiquity" is not installed
error: snap "subiquity" is not installed
error: snap "subiquity" is not installed
error: snap "subiquity" is not installed
error: snap "subiquity" is not installed
error: snap "subiquity" is not installed
error: snap "subiquity" is not installed
error: snap "subiquity" is not installed
error: snap "subiquity" is not installed
error: snap "subiquity" is not installed
error: snap "subiquity" is not installed
error: snap "subiquity" is not installed
error: snap "subiquity" is not installed
error: snap "subiquity" is not installed
error: snap "subiquity" is not installed
error: snap "subiquity" is not installed
error: snap "subiquity" is not installed
error: snap "subiquity" is not installed
error: snap "subiquity" is not installed
error: snap "subiquity" is not installed
error: snap "subiquity" is not installed
error: snap "subiquity" is not installed
error: snap "subiquity" is not installed
error: snap "subiquity" is not installed
error: snap "subiquity" is not installed
error: snap "subiquity" is not installed
error: snap "subiquity" is not installed
error: snap "subiquity" is not installed
error: snap "subiquity" is not installed
error: snap "subiquity" is not installed
error: snap "subiquity" is not installed
error: snap "subiquity" is not installed
error: snap "subiquity" is not installed
error: snap "subiquity" is not installed
error: snap "subiquity" is not installed
error: snap "subiquity" is not installed
error: snap "subiquity" is not installed
error: snap "subiquity" is not installed
error: snap "subiquity" is not installed
error: snap "subiquity" is not installed
error: snap "subiquity" is not installed
error: snap "subiquity" is not installed
error: snap "subiquity" is not installed
error: snap "subiquity" is not installed
error: snap "subiquity" is not installed
error: snap "subiquity" is not installed
error: snap "subiquity" is not installed
error: snap "subiquity" is not installed
error: snap "subiquity" is not installed
error: snap "subiquity" is not installed
error: snap "subiquity" is not installed
error: snap "subiquity" is not installed
error: snap "subiquity" is not installed
error: snap "subiquity" is not installed
error: snap "subiquity" is not installed
error: snap "subiquity" is not installed
error: snap "subiquity" is not installed
error: snap "subiquity" is not installed
error: snap "subiquity" is not installed
error: snap "subiquity" is not installed
error: snap "subiquity" is not installed
error: snap "subiquity" is not installed
error: snap "subiquity" is not installed
error: snap "subiquity" is not installed
error: snap "subiquity" is not installed
error: snap "subiquity" is not installed
error: snap "subiquity" is not installed
error: snap "subiquity" is not installed
error: snap "subiquity" is not installed
error: snap "subiquity" is not installed
error: snap "subiquity" is not installed
error: snap "subiquity" is not installed
error: snap "subiquity" is not installed
error: snap "subiquity" is not installed
error: snap "subiquity" is not installed
error: snap "subiquity" is not installed
error: snap "subiquity" is not installed
error: snap "subiquity" is not installed
error: snap "subiquity" is not installed
error: snap "subiquity" is not installed
error: snap "subiquity" is not installed
error: snap "subiquity" is not installed
error: snap "subiquity" is not installed
error: snap "subiquity" is not installed
error: snap "subiquity" is not installed
error: snap "subiquity" is not installed
error: snap "subiquity" is not installed
error: snap "subiquity" is not installed
error: snap "subiquity" is not installed
error: snap "subiquity" is not installed
error: snap "subiquity" is not installed
error: snap "subiquity" is not installed
error: snap "subiquity" is not installed
error: snap "subiquity" is not installed
error: snap "subiquity" is not installed
error: snap "subiquity" is not installed
error: snap "subiquity" is not installed
error: snap "subiquity" is not installed
error: snap "subiquity" is not installed
error: snap "subiquity" is not installed
error: snap "subiquity" is not installed
error: snap "subiquity" is not installed
error: snap "subiquity" is not installed
error: snap "subiquity" is not installed
error: snap "subiquity" is not installed
error: snap "subiquity" is not installed
error: snap "subiquity" is not installed
error: snap "subiquity" is not installed
error: snap "subiquity" is not installed
error: snap "subiquity" is not installed
error: snap "subiquity" is not installed
error: snap "subiquity" is not installed
error: snap "subiquity" is not installed
error: snap "subiquity" is not installed
error: snap "subiquity" is not installed
error: snap "subiquity" is not installed
error: snap "subiquity" is not installed
error: snap "subiquity" is not installed
error: snap "subiquity" is not installed
error: snap "subiquity" is not installed
error: snap "subiquity" is not installed
error: snap "subiquity" is not installed
error: snap "subiquity" is not installed
error: snap "subiquity" is not installed
error: snap "subiquity" is not installed
error: snap "subiquity" is not installed
error: snap "subiquity" is not installed
error: snap "subiquity" is not installed
error: snap "subiquity" is not installed
error: snap "subiquity" is not installed
error: snap "subiquity" is not installed
error: snap "subiquity" is not installed
error: snap "subiquity" is not installed
error: snap "subiquity" is not installed
error: snap "subiquity" is not installed
error: snap "subiquity" is not installed
error: snap "subiquity" is not installed
error: snap "subiquity" is not installed
error: snap "subiquity" is not installed
error: snap "subiquity" is not installed
error: snap "subiquity" is not installed
error: snap "subiquity" is not installed
error: snap "subiquity" is not installed
error: snap "subiquity" is not installed
error: snap "subiquity" is not installed
error: snap "subiquity" is not installed
error: snap "subiquity" is not installed
error: snap "subiquity" is not installed
error: snap "subiquity" is not installed
error: snap "subiquity" is not installed
error: snap "subiquity" is not installed
error: snap "subiquity" is not installed
error: snap "subiquity" is not installed
error: snap "subiquity" is not installed
error: snap "subiquity" is not installed
error: snap "subiquity" is not installed
error: snap "subiquity" is not installed
error: snap "subiquity" is not installed
error: snap "subiquity" is not installed
error: snap "subiquity" is not installed
error: snap "subiquity" is not installed
error: snap "subiquity" is not installed
error: snap "subiquity" is not installed
error: snap "subiquity" is not installed
error: snap "subiquity" is not installed
error: snap "subiquity" is not installed
error: snap "subiquity" is not installed
error: snap "subiquity" is not installed
error: snap "subiquity" is not installed
error: snap "subiquity" is not installed
error: snap "subiquity" is not installed
error: snap "subiquity" is not installed
error: snap "subiquity" is not installed
error: snap "subiquity" is not installed
error: snap "subiquity" is not installed
error: snap "subiquity" is not installed
error: snap "subiquity" is not installed
error: snap "subiquity" is not installed
error: snap "subiquity" is not installed
error: snap "subiquity" is not installed
error: snap "subiquity" is not installed
error: snap "subiquity" is not installed
error: snap "subiquity" is not installed
error: snap "subiquity" is not installed
error: snap "subiquity" is not installed
error: snap "subiquity" is not installed
error: snap "subiquity" is not installed
error: snap "subiquity" is not installed
error: snap "subiquity" is not installed
error: snap "subiquity" is not installed
error: snap "subiquity" is not installed
error: snap "subiquity" is not installed
error: snap "subiquity" is not installed
error: snap "subiquity" is not installed
error: snap "subiquity" is not installed
error: snap "subiquity" is not installed
error: snap "subiquity" is not installed
error: snap "subiquity" is not installed
error: snap "subiquity" is not installed
error: snap "subiquity" is not installed
error: snap "subiquity" is not installed
error: snap "subiquity" is not installed
error: snap "subiquity" is not installed
error: snap "subiquity" is not installed
error: snap "subiquity" is not installed
error: snap "subiquity" is not installed
error: snap "subiquity" is not installed
error: snap "subiquity" is not installed
error: snap "subiquity" is not installed
error: snap "subiquity" is not installed
error: snap "subiquity" is not installed
error: snap "subiquity" is not installed
error: snap "subiquity" is not installed
error: snap "subiquity" is not installed
error: snap "subiquity" is not installed
error: snap "subiquity" is not installed
error: snap "subiquity" is not installed
error: snap "subiquity" is not installed
error: snap "subiquity" is not installed
error: snap "subiquity" is not installed
error: snap "subiquity" is not installed
error: snap "subiquity" is not installed
error: snap "subiquity" is not installed
error: snap "subiquity" is not installed
error: snap "subiquity" is not installed
error: snap "subiquity" is not installed
error: snap "subiquity" is not installed
error: snap "subiquity" is not installed
error: snap "subiquity" is not installed
error: snap "subiquity" is not installed
error: snap "subiquity" is not installed
error: snap "subiquity" is not installed
error: snap "subiquity" is not installed
error: snap "subiquity" is not installed
error: snap "subiquity" is not installed
error: snap "subiquity" is not installed
error: snap "subiquity" is not installed
error: snap "subiquity" is not installed
error: snap "subiquity" is not installed
error: snap "subiquity" is not installed
error: snap "subiquity" is not installed
error: snap "subiquity" is not installed
error: snap "subiquity" is not installed
error: snap "subiquity" is not installed
error: snap "subiquity" is not installed
error: snap "subiquity" is not installed
error: snap "subiquity" is not installed
error: snap "subiquity" is not installed
error: snap "subiquity" is not installed
error: snap "subiquity" is not installed
error: snap "subiquity" is not installed
error: snap "subiquity" is not installed
error: snap "subiquity" is not installed
error: snap "subiquity" is not installed
error: snap "subiquity" is not installed
error: snap "subiquity" is not installed
error: snap "subiquity" is not installed
error: snap "subiquity" is not installed
error: snap "subiquity" is not installed
error: snap "subiquity" is not installed
error: snap "subiquity" is not installed
error: snap "subiquity" is not installed
error: snap "subiquity" is not installed
error: snap "subiquity" is not installed
error: snap "subiquity" is not installed
error: snap "subiquity" is not installed
error: snap "subiquity" is not installed
error: snap "subiquity" is not installed
error: snap "subiquity" is not installed
error: snap "subiquity" is not installed
error: snap "subiquity" is not installed
error: snap "subiquity" is not installed
error: snap "subiquity" is not installed
error: snap "subiquity" is not installed
error: snap "subiquity" is not installed
error: snap "subiquity" is not installed
error: snap "subiquity" is not installed
error: snap "subiquity" is not installed
error: snap "subiquity" is not installed
error: snap "subiquity" is not installed
error: snap "subiquity" is not installed
error: snap "subiquity" is not installed
error: snap "subiquity" is not installed
error: snap "subiquity" is not installed
error: snap "subiquity" is not installed
error: snap "subiquity" is not installed
error: snap "subiquity" is not installed
error: snap "subiquity" is not installed
error: snap "subiquity" is not installed
error: snap "subiquity" is not installed
error: snap "subiquity" is not installed
error: snap "subiquity" is not installed
error: snap "subiquity" is not installed
error: snap "subiquity" is not installed
error: snap "subiquity" is not installed
error: snap "subiquity" is not installed
error: snap "subiquity" is not installed
error: snap "subiquity" is not installed
error: snap "subiquity" is not installed
error: snap "subiquity" is not installed
error: snap "subiquity" is not installed
error: snap "subiquity" is not installed
error: snap "subiquity" is not installed
error: snap "subiquity" is not installed
error: snap "subiquity" is not installed
error: snap "subiquity" is not installed
error: snap "subiquity" is not installed
error: snap "subiquity" is not installed
error: snap "subiquity" is not installed
error: snap "subiquity" is not installed
error: snap "subiquity" is not installed
error: snap "subiquity" is not installed
error: snap "subiquity" is not installed
error: snap "subiquity" is not installed
error: snap "subiquity" is not installed
error: snap "subiquity" is not installed
error: snap "subiquity" is not installed
error: snap "subiquity" is not installed
error: snap "subiquity" is not installed
error: snap "subiquity" is not installed
error: snap "subiquity" is not installed
error: snap "subiquity" is not installed
error: snap "subiquity" is not installed
error: snap "subiquity" is not installed
error: snap "subiquity" is not installed
error: snap "subiquity" is not installed
error: snap "subiquity" is not installed
error: snap "subiquity" is not installed
error: snap "subiquity" is not installed
error: snap "subiquity" is not installed
error: snap "subiquity" is not installed
error: snap "subiquity" is not installed
error: snap "subiquity" is not installed
error: snap "subiquity" is not installed
error: snap "subiquity" is not installed
error: snap "subiquity" is not installed
error: snap "subiquity" is not installed
error: snap "subiquity" is not installed
error: snap "subiquity" is not installed
error: snap "subiquity" is not installed
error: snap "subiquity" is not installed
error: snap "subiquity" is not installed
error: snap "subiquity" is not installed
error: snap "subiquity" is not installed
error: snap "subiquity" is not installed
error: snap "subiquity" is not installed
error: snap "subiquity" is not installed
error: snap "subiquity" is not installed
error: snap "subiquity" is not installed
error: snap "subiquity" is not installed
error: snap "subiquity" is not installed
error: snap "subiquity" is not installed
error: snap "subiquity" is not installed
error: snap "subiquity" is not installed
error: snap "subiquity" is not installed
error: snap "subiquity" is not installed
error: snap "subiquity" is not installed
error: snap "subiquity" is not installed
error: snap "subiquity" is not installed
error: snap "subiquity" is not installed
error: snap "subiquity" is not installed
error: snap "subiquity" is not installed
error: snap "subiquity" is not installed
error: snap "subiquity" is not installed
error: snap "subiquity" is not installed
error: snap "subiquity" is not installed
error: snap "subiquity" is not installed
error: snap "subiquity" is not installed
error: snap "subiquity" is not installed
error: snap "subiquity" is not installed
error: snap "subiquity" is not installed
error: snap "subiquity" is not installed
error: snap "subiquity" is not installed
error: snap "subiquity" is not installed
error: snap "subiquity" is not installed
error: snap "subiquity" is not installed
error: snap "subiquity" is not installed
error: snap "subiquity" is not installed
error: snap "subiquity" is not installed
error: snap "subiquity" is not installed
error: snap "subiquity" is not installed
error: snap "subiquity" is not installed
error: snap "subiquity" is not installed
error: snap "subiquity" is not installed
error: snap "subiquity" is not installed
error: snap "subiquity" is not installed
error: snap "subiquity" is not installed
error: snap "subiquity" is not installed
error: snap "subiquity" is not installed
error: snap "subiquity" is not installed
error: snap "subiquity" is not installed
error: snap "subiquity" is not installed
error: snap "subiquity" is not installed
error: snap "subiquity" is not installed
error: snap "subiquity" is not installed
error: snap "subiquity" is not installed
error: snap "subiquity" is not installed
error: snap "subiquity" is not installed
error: snap "subiquity" is not installed
error: snap "subiquity" is not installed
error: snap "subiquity" is not installed
error: snap "subiquity" is not installed
error: snap "subiquity" is not installed
error: snap "subiquity" is not installed
error: snap "subiquity" is not installed
error: snap "subiquity" is not installed
error: snap "subiquity" is not installed
error: snap "subiquity" is not installed
error: snap "subiquity" is not installed
error: snap "subiquity" is not installed
error: snap "subiquity" is not installed
error: snap "subiquity" is not installed
error: snap "subiquity" is not installed
error: snap "subiquity" is not installed
error: snap "subiquity" is not installed
error: snap "subiquity" is not installed
error: snap "subiquity" is not installed
error: snap "subiquity" is not installed
error: snap "subiquity" is not installed
error: snap "subiquity" is not installed
error: snap "subiquity" is not installed
error: snap "subiquity" is not installed
error: snap "subiquity" is not installed
error: snap "subiquity" is not installed
error: snap "subiquity" is not installed
error: snap "subiquity" is not installed
error: snap "subiquity" is not installed
error: snap "subiquity" is not installed
error: snap "subiquity" is not installed
error: snap "subiquity" is not installed
error: snap "subiquity" is not installed
error: snap "subiquity" is not installed
error: snap "subiquity" is not installed
error: snap "subiquity" is not installed
error: snap "subiquity" is not installed
error: snap "subiquity" is not installed
error: snap "subiquity" is not installed
error: snap "subiquity" is not installed
error: snap "subiquity" is not installed
error: snap "subiquity" is not installed
error: snap "subiquity" is not installed
error: snap "subiquity" is not installed
error: snap "subiquity" is not installed
error: snap "subiquity" is not installed
error: snap "subiquity" is not installed
error: snap "subiquity" is not installed
error: snap "subiquity" is not installed
error: snap "subiquity" is not installed
error: snap "subiquity" is not installed
error: snap "subiquity" is not installed
error: snap "subiquity" is not installed
error: snap "subiquity" is not installed
error: snap "subiquity" is not installed
error: snap "subiquity" is not installed
error: snap "subiquity" is not installed
error: snap "subiquity" is not installed
error: snap "subiquity" is not installed
error: snap "subiquity" is not installed
error: snap "subiquity" is not installed
error: snap "subiquity" is not installed
error: snap "subiquity" is not installed
error: snap "subiquity" is not installed
error: snap "subiquity" is not installed
error: snap "subiquity" is not installed
error: snap "subiquity" is not installed
error: snap "subiquity" is not installed
error: snap "subiquity" is not installed
error: snap "subiquity" is not installed
error: snap "subiquity" is not installed
error: snap "subiquity" is not installed
error: snap "subiquity" is not installed
error: snap "subiquity" is not installed
error: snap "subiquity" is not installed
error: snap "subiquity" is not installed
error: snap "subiquity" is not installed
error: snap "subiquity" is not installed
error: snap "subiquity" is not installed
error: snap "subiquity" is not installed
error: snap "subiquity" is not installed
error: snap "subiquity" is not installed
error: snap "subiquity" is not installed
error: snap "subiquity" is not installed
error: snap "subiquity" is not installed
error: snap "subiquity" is not installed
error: snap "subiquity" is not installed
error: snap "subiquity" is not installed
error: snap "subiquity" is not installed
error: snap "subiquity" is not installed
error: snap "subiquity" is not installed
error: snap "subiquity" is not installed
error: snap "subiquity" is not installed
error: snap "subiquity" is not installed
error: snap "subiquity" is not installed
error: snap "subiquity" is not installed
error: snap "subiquity" is not installed
error: snap "subiquity" is not installed
error: snap "subiquity" is not installed
error: snap "subiquity" is not installed
